Release 14.2 - xst P.28xd (nt64)
Copyright (c) 1995-2012 Xilinx, Inc.  All rights reserved.
--> Parameter TMPDIR set to xst/projnav.tmp


Total REAL time to Xst completion: 1.00 secs
Total CPU time to Xst completion: 0.37 secs
 
--> Parameter xsthdpdir set to xst


Total REAL time to Xst completion: 1.00 secs
Total CPU time to Xst completion: 0.37 secs
 
--> Reading design: Encoder1024.prj

TABLE OF CONTENTS
  1) Synthesis Options Summary
  2) HDL Parsing
  3) HDL Elaboration
  4) HDL Synthesis
       4.1) HDL Synthesis Report
  5) Advanced HDL Synthesis
       5.1) Advanced HDL Synthesis Report
  6) Low Level Synthesis
  7) Partition Report
  8) Design Summary
       8.1) Primitive and Black Box Usage
       8.2) Device utilization summary
       8.3) Partition Resource Summary
       8.4) Timing Report
            8.4.1) Clock Information
            8.4.2) Asynchronous Control Signals Information
            8.4.3) Timing Summary
            8.4.4) Timing Details
            8.4.5) Cross Clock Domains Report


=========================================================================
*                      Synthesis Options Summary                        *
=========================================================================
---- Source Parameters
Input File Name                    : "Encoder1024.prj"
Ignore Synthesis Constraint File   : NO

---- Target Parameters
Output File Name                   : "Encoder1024"
Output Format                      : NGC
Target Device                      : xc7vx330t-2-ffg1157

---- Source Options
Top Module Name                    : Encoder1024
Automatic FSM Extraction           : YES
FSM Encoding Algorithm             : Auto
Safe Implementation                : No
FSM Style                          : LUT
RAM Extraction                     : Yes
RAM Style                          : Auto
ROM Extraction                     : Yes
Shift Register Extraction          : YES
ROM Style                          : Auto
Resource Sharing                   : YES
Asynchronous To Synchronous        : NO
Shift Register Minimum Size        : 2
Use DSP Block                      : Auto
Automatic Register Balancing       : No

---- Target Options
LUT Combining                      : Auto
Reduce Control Sets                : Auto
Add IO Buffers                     : YES
Global Maximum Fanout              : 100000
Add Generic Clock Buffer(BUFG)     : 32
Register Duplication               : YES
Optimize Instantiated Primitives   : NO
Use Clock Enable                   : Auto
Use Synchronous Set                : Auto
Use Synchronous Reset              : Auto
Pack IO Registers into IOBs        : Auto
Equivalent register Removal        : YES

---- General Options
Optimization Goal                  : Speed
Optimization Effort                : 1
Power Reduction                    : NO
Keep Hierarchy                     : No
Netlist Hierarchy                  : As_Optimized
RTL Output                         : Yes
Global Optimization                : AllClockNets
Read Cores                         : YES
Write Timing Constraints           : NO
Cross Clock Analysis               : NO
Hierarchy Separator                : /
Bus Delimiter                      : <>
Case Specifier                     : Maintain
Slice Utilization Ratio            : 100
BRAM Utilization Ratio             : 100
DSP48 Utilization Ratio            : 100
Auto BRAM Packing                  : NO
Slice Utilization Ratio Delta      : 5

=========================================================================


=========================================================================
*                          HDL Parsing                                  *
=========================================================================
Parsing VHDL file "D:\Dropbox\Thesis Project\Hardware\Polar1024\MyPackage.vhd" into library work
Parsing package <MyPackage>.
Parsing package body <MyPackage>.
Parsing VHDL file "D:\Dropbox\Thesis Project\Hardware\Polar1024\Encoder1024.vhd" into library work
Parsing entity <Encoder1024>.
Parsing architecture <Behavioral> of entity <encoder1024>.

=========================================================================
*                            HDL Elaboration                            *
=========================================================================

Elaborating entity <Encoder1024> (architecture <Behavioral>) from library <work>.

=========================================================================
*                           HDL Synthesis                               *
=========================================================================

Synthesizing Unit <Encoder1024>.
    Related source file is "D:\Dropbox\Thesis Project\Hardware\Polar1024\Encoder1024.vhd".
    Summary:
Unit <Encoder1024> synthesized.

=========================================================================
HDL Synthesis Report

Macro Statistics
# Xors                                                 : 3347
 1-bit xor10                                           : 58
 1-bit xor11                                           : 21
 1-bit xor12                                           : 26
 1-bit xor13                                           : 13
 1-bit xor14                                           : 6
 1-bit xor15                                           : 5
 1-bit xor16                                           : 1
 1-bit xor17                                           : 1
 1-bit xor18                                           : 2
 1-bit xor2                                            : 2136
 1-bit xor3                                            : 379
 1-bit xor4                                            : 204
 1-bit xor5                                            : 165
 1-bit xor6                                            : 107
 1-bit xor7                                            : 104
 1-bit xor8                                            : 78
 1-bit xor9                                            : 41

=========================================================================

=========================================================================
*                       Advanced HDL Synthesis                          *
=========================================================================


=========================================================================
Advanced HDL Synthesis Report

Macro Statistics
# Xors                                                 : 3347
 1-bit xor10                                           : 58
 1-bit xor11                                           : 21
 1-bit xor12                                           : 26
 1-bit xor13                                           : 13
 1-bit xor14                                           : 6
 1-bit xor15                                           : 5
 1-bit xor16                                           : 1
 1-bit xor17                                           : 1
 1-bit xor18                                           : 2
 1-bit xor2                                            : 2136
 1-bit xor3                                            : 379
 1-bit xor4                                            : 204
 1-bit xor5                                            : 165
 1-bit xor6                                            : 107
 1-bit xor7                                            : 104
 1-bit xor8                                            : 78
 1-bit xor9                                            : 41

=========================================================================

=========================================================================
*                         Low Level Synthesis                           *
=========================================================================

Optimizing unit <Encoder1024> ...

Mapping all equations...
Building and optimizing final netlist ...
Found area constraint ratio of 100 (+ 5) on block Encoder1024, actual ratio is 2.

Final Macro Processing ...

=========================================================================
Final Register Report

Found no macro
=========================================================================

=========================================================================
*                           Partition Report                            *
=========================================================================

Partition Implementation Status
-------------------------------

  No Partitions were found in this design.

-------------------------------

=========================================================================
*                            Design Summary                             *
=========================================================================

Top Level Output File Name         : Encoder1024.ngc

Primitive and Black Box Usage:
------------------------------
# BELS                             : 3136
#      LUT2                        : 200
#      LUT3                        : 189
#      LUT4                        : 283
#      LUT5                        : 425
#      LUT6                        : 2039
# IO Buffers                       : 1536
#      IBUF                        : 512
#      OBUF                        : 1024

Device utilization summary:
---------------------------

Selected Device : 7vx330tffg1157-2 


Slice Logic Utilization: 
 Number of Slice LUTs:                 3136  out of  204000     1%  
    Number used as Logic:              3136  out of  204000     1%  

Slice Logic Distribution: 
 Number of LUT Flip Flop pairs used:   3136
   Number with an unused Flip Flop:    3136  out of   3136   100%  
   Number with an unused LUT:             0  out of   3136     0%  
   Number of fully used LUT-FF pairs:     0  out of   3136     0%  
   Number of unique control sets:         0

IO Utilization: 
 Number of IOs:                        1536
 Number of bonded IOBs:                1536  out of    600   256% (*) 

Specific Feature Utilization:

WARNING:Xst:1336 -  (*) More than 100% of Device resources are used

---------------------------
Partition Resource Summary:
---------------------------

  No Partitions were found in this design.

---------------------------


=========================================================================
Timing Report

NOTE: THESE TIMING NUMBERS ARE ONLY A SYNTHESIS ESTIMATE.
      FOR ACCURATE TIMING INFORMATION PLEASE REFER TO THE TRACE REPORT
      GENERATED AFTER PLACE-and-ROUTE.

Clock Information:
------------------
No clock signals found in this design

Asynchronous Control Signals Information:
----------------------------------------
No asynchronous control signals found in this design

Timing Summary:
---------------
Speed Grade: -2

   Minimum period: No path found
   Minimum input arrival time before clock: No path found
   Maximum output required time after clock: No path found
   Maximum combinational path delay: 4.651ns

Timing Details:
---------------
All values displayed in nanoseconds (ns)

=========================================================================
Timing constraint: Default path analysis
  Total number of paths / destination ports: 48888 / 1024
-------------------------------------------------------------------------
Delay:               4.651ns (Levels of Logic = 9)
  Source:            inputs<469> (PAD)
  Destination:       outputs<36> (PAD)

  Data Path: inputs<469> to outputs<36>
                                Gate     Net
    Cell:in->out      fanout   Delay   Delay  Logical Name (Net Name)
    ----------------------------------------  ------------
     IBUF:I->O            25   0.000   0.623  inputs_469_IBUF (inputs_469_IBUF)
     LUT4:I1->O           14   0.043   0.685  Mxor__n47007_xo<0>1 (_n47007)
     LUT6:I0->O           10   0.043   0.545  Mxor__n47008_xo<0>1 (_n47008)
     LUT3:I0->O            8   0.043   0.642  Mxor__n47009_xo<0>1 (_n47009)
     LUT5:I0->O            3   0.043   0.625  Mxor__n48563_xo<0>1 (_n48563)
     LUT6:I0->O            4   0.043   0.539  Mxor__n48564_xo<0> (_n48564)
     LUT6:I2->O            1   0.043   0.350  Mxor_outputs<36>_xo<0>4_SW0 (N824)
     LUT6:I5->O            1   0.043   0.339  Mxor_outputs<36>_xo<0>4 (outputs_36_OBUF)
     OBUF:I->O                 0.000          outputs_36_OBUF (outputs<36>)
    ----------------------------------------
    Total                      4.651ns (0.301ns logic, 4.350ns route)
                                       (6.5% logic, 93.5% route)

=========================================================================

Cross Clock Domains Report:
--------------------------

=========================================================================


Total REAL time to Xst completion: 80.00 secs
Total CPU time to Xst completion: 80.09 secs
 
--> 

Total memory usage is 438080 kilobytes

Number of errors   :    0 (   0 filtered)
Number of warnings :    1 (   0 filtered)
Number of infos    :    0 (   0 filtered)

